Archive member included because of file (symbol)

c:/program files (x86)/atmel/atmel toolchain/avr8 gcc/native/3.4.1061/avr8-gnu-toolchain/bin/../lib/gcc/avr/4.8.1/avr5\libgcc.a(_exit.o)
                              c:/program files (x86)/atmel/atmel toolchain/avr8 gcc/native/3.4.1061/avr8-gnu-toolchain/bin/../lib/gcc/avr/4.8.1/../../../../avr/lib/avr5/crtm32.o (exit)
c:/program files (x86)/atmel/atmel toolchain/avr8 gcc/native/3.4.1061/avr8-gnu-toolchain/bin/../lib/gcc/avr/4.8.1/avr5\libgcc.a(_tablejump.o)
                              DIO.o (__tablejump2__)

Discarded input sections

 .data          0x00000000        0x0 c:/program files (x86)/atmel/atmel toolchain/avr8 gcc/native/3.4.1061/avr8-gnu-toolchain/bin/../lib/gcc/avr/4.8.1/../../../../avr/lib/avr5/crtm32.o
 .bss           0x00000000        0x0 c:/program files (x86)/atmel/atmel toolchain/avr8 gcc/native/3.4.1061/avr8-gnu-toolchain/bin/../lib/gcc/avr/4.8.1/../../../../avr/lib/avr5/crtm32.o
 .text          0x00000000        0x0 DIO.o
 .data          0x00000000        0x0 DIO.o
 .bss           0x00000000        0x0 DIO.o
 .text.DIO_set_port_dir
                0x00000000       0x26 DIO.o
 .progmem.gcc_sw_table.DIO_set_port_dir
                0x00000000       0x48 DIO.o
 .text.DIO_write_port
                0x00000000       0x26 DIO.o
 .progmem.gcc_sw_table.DIO_write_port
                0x00000000       0x48 DIO.o
 .text.DIO_read_pin
                0x00000000       0xbe DIO.o
 .progmem.gcc_sw_table.DIO_read_pin
                0x00000000       0x48 DIO.o
 .text.DIO_read_port
                0x00000000       0x2a DIO.o
 .progmem.gcc_sw_table.DIO_read_port
                0x00000000       0x48 DIO.o
 .text.DIO_toogle
                0x00000000       0x7e DIO.o
 .progmem.gcc_sw_table.DIO_toogle
                0x00000000       0x48 DIO.o
 .text.DIO_connect_pullup
                0x00000000       0x90 DIO.o
 .progmem.gcc_sw_table.DIO_connect_pullup
                0x00000000       0x48 DIO.o
 .text.DIO_write_low_nibble
                0x00000000       0x50 DIO.o
 .progmem.gcc_sw_table.DIO_write_low_nibble
                0x00000000       0x48 DIO.o
 .text.DIO_write_nibble
                0x00000000       0xac DIO.o
 .progmem.gcc_sw_table.DIO_write_nibble
                0x00000000       0x90 DIO.o
 .text          0x00000000        0x0 LCD Test.o
 .data          0x00000000        0x0 LCD Test.o
 .bss           0x00000000        0x0 LCD Test.o
 .text          0x00000000        0x0 LCD.o
 .data          0x00000000        0x0 LCD.o
 .bss           0x00000000        0x0 LCD.o
 .text.LCD_send_string
                0x00000000       0x1e LCD.o
 .text.LCD_clear_screen
                0x00000000       0x14 LCD.o
 .text.LCD_char_ar
                0x00000000      0x558 LCD.o
 .progmem.gcc_sw_table.LCD_char_ar
                0x00000000       0x38 LCD.o
 .text          0x00000000        0x0 c:/program files (x86)/atmel/atmel toolchain/avr8 gcc/native/3.4.1061/avr8-gnu-toolchain/bin/../lib/gcc/avr/4.8.1/avr5\libgcc.a(_exit.o)
 .data          0x00000000        0x0 c:/program files (x86)/atmel/atmel toolchain/avr8 gcc/native/3.4.1061/avr8-gnu-toolchain/bin/../lib/gcc/avr/4.8.1/avr5\libgcc.a(_exit.o)
 .bss           0x00000000        0x0 c:/program files (x86)/atmel/atmel toolchain/avr8 gcc/native/3.4.1061/avr8-gnu-toolchain/bin/../lib/gcc/avr/4.8.1/avr5\libgcc.a(_exit.o)
 .text.libgcc.mul
                0x00000000        0x0 c:/program files (x86)/atmel/atmel toolchain/avr8 gcc/native/3.4.1061/avr8-gnu-toolchain/bin/../lib/gcc/avr/4.8.1/avr5\libgcc.a(_exit.o)
 .text.libgcc.div
                0x00000000        0x0 c:/program files (x86)/atmel/atmel toolchain/avr8 gcc/native/3.4.1061/avr8-gnu-toolchain/bin/../lib/gcc/avr/4.8.1/avr5\libgcc.a(_exit.o)
 .text.libgcc   0x00000000        0x0 c:/program files (x86)/atmel/atmel toolchain/avr8 gcc/native/3.4.1061/avr8-gnu-toolchain/bin/../lib/gcc/avr/4.8.1/avr5\libgcc.a(_exit.o)
 .text.libgcc.prologue
                0x00000000        0x0 c:/program files (x86)/atmel/atmel toolchain/avr8 gcc/native/3.4.1061/avr8-gnu-toolchain/bin/../lib/gcc/avr/4.8.1/avr5\libgcc.a(_exit.o)
 .text.libgcc.builtins
                0x00000000        0x0 c:/program files (x86)/atmel/atmel toolchain/avr8 gcc/native/3.4.1061/avr8-gnu-toolchain/bin/../lib/gcc/avr/4.8.1/avr5\libgcc.a(_exit.o)
 .text.libgcc.fmul
                0x00000000        0x0 c:/program files (x86)/atmel/atmel toolchain/avr8 gcc/native/3.4.1061/avr8-gnu-toolchain/bin/../lib/gcc/avr/4.8.1/avr5\libgcc.a(_exit.o)
 .text.libgcc.fixed
                0x00000000        0x0 c:/program files (x86)/atmel/atmel toolchain/avr8 gcc/native/3.4.1061/avr8-gnu-toolchain/bin/../lib/gcc/avr/4.8.1/avr5\libgcc.a(_exit.o)
 .text          0x00000000        0x0 c:/program files (x86)/atmel/atmel toolchain/avr8 gcc/native/3.4.1061/avr8-gnu-toolchain/bin/../lib/gcc/avr/4.8.1/avr5\libgcc.a(_tablejump.o)
 .data          0x00000000        0x0 c:/program files (x86)/atmel/atmel toolchain/avr8 gcc/native/3.4.1061/avr8-gnu-toolchain/bin/../lib/gcc/avr/4.8.1/avr5\libgcc.a(_tablejump.o)
 .bss           0x00000000        0x0 c:/program files (x86)/atmel/atmel toolchain/avr8 gcc/native/3.4.1061/avr8-gnu-toolchain/bin/../lib/gcc/avr/4.8.1/avr5\libgcc.a(_tablejump.o)
 .text.libgcc.mul
                0x00000000        0x0 c:/program files (x86)/atmel/atmel toolchain/avr8 gcc/native/3.4.1061/avr8-gnu-toolchain/bin/../lib/gcc/avr/4.8.1/avr5\libgcc.a(_tablejump.o)
 .text.libgcc.div
                0x00000000        0x0 c:/program files (x86)/atmel/atmel toolchain/avr8 gcc/native/3.4.1061/avr8-gnu-toolchain/bin/../lib/gcc/avr/4.8.1/avr5\libgcc.a(_tablejump.o)
 .text.libgcc.prologue
                0x00000000        0x0 c:/program files (x86)/atmel/atmel toolchain/avr8 gcc/native/3.4.1061/avr8-gnu-toolchain/bin/../lib/gcc/avr/4.8.1/avr5\libgcc.a(_tablejump.o)
 .text.libgcc.builtins
                0x00000000        0x0 c:/program files (x86)/atmel/atmel toolchain/avr8 gcc/native/3.4.1061/avr8-gnu-toolchain/bin/../lib/gcc/avr/4.8.1/avr5\libgcc.a(_tablejump.o)
 .text.libgcc.fmul
                0x00000000        0x0 c:/program files (x86)/atmel/atmel toolchain/avr8 gcc/native/3.4.1061/avr8-gnu-toolchain/bin/../lib/gcc/avr/4.8.1/avr5\libgcc.a(_tablejump.o)
 .text.libgcc.fixed
                0x00000000        0x0 c:/program files (x86)/atmel/atmel toolchain/avr8 gcc/native/3.4.1061/avr8-gnu-toolchain/bin/../lib/gcc/avr/4.8.1/avr5\libgcc.a(_tablejump.o)

Memory Configuration

Name             Origin             Length             Attributes
text             0x00000000         0x00020000         xr
data             0x00800060         0x0000ffa0         rw !x
eeprom           0x00810000         0x00010000         rw !x
fuse             0x00820000         0x00000400         rw !x
lock             0x00830000         0x00000400         rw !x
signature        0x00840000         0x00000400         rw !x
user_signatures  0x00850000         0x00000400         rw !x
*default*        0x00000000         0xffffffff

Linker script and memory map

LOAD c:/program files (x86)/atmel/atmel toolchain/avr8 gcc/native/3.4.1061/avr8-gnu-toolchain/bin/../lib/gcc/avr/4.8.1/../../../../avr/lib/avr5/crtm32.o
LOAD DIO.o
LOAD LCD Test.o
LOAD LCD.o
START GROUP
LOAD c:/program files (x86)/atmel/atmel toolchain/avr8 gcc/native/3.4.1061/avr8-gnu-toolchain/bin/../lib/gcc/avr/4.8.1/../../../../avr/lib/avr5\libm.a
END GROUP
START GROUP
LOAD c:/program files (x86)/atmel/atmel toolchain/avr8 gcc/native/3.4.1061/avr8-gnu-toolchain/bin/../lib/gcc/avr/4.8.1/avr5\libgcc.a
LOAD c:/program files (x86)/atmel/atmel toolchain/avr8 gcc/native/3.4.1061/avr8-gnu-toolchain/bin/../lib/gcc/avr/4.8.1/../../../../avr/lib/avr5\libm.a
LOAD c:/program files (x86)/atmel/atmel toolchain/avr8 gcc/native/3.4.1061/avr8-gnu-toolchain/bin/../lib/gcc/avr/4.8.1/../../../../avr/lib/avr5\libc.a
END GROUP

.hash
 *(.hash)

.dynsym
 *(.dynsym)

.dynstr
 *(.dynstr)

.gnu.version
 *(.gnu.version)

.gnu.version_d
 *(.gnu.version_d)

.gnu.version_r
 *(.gnu.version_r)

.rel.init
 *(.rel.init)

.rela.init
 *(.rela.init)

.rel.text
 *(.rel.text)
 *(.rel.text.*)
 *(.rel.gnu.linkonce.t*)

.rela.text
 *(.rela.text)
 *(.rela.text.*)
 *(.rela.gnu.linkonce.t*)

.rel.fini
 *(.rel.fini)

.rela.fini
 *(.rela.fini)

.rel.rodata
 *(.rel.rodata)
 *(.rel.rodata.*)
 *(.rel.gnu.linkonce.r*)

.rela.rodata
 *(.rela.rodata)
 *(.rela.rodata.*)
 *(.rela.gnu.linkonce.r*)

.rel.data
 *(.rel.data)
 *(.rel.data.*)
 *(.rel.gnu.linkonce.d*)

.rela.data
 *(.rela.data)
 *(.rela.data.*)
 *(.rela.gnu.linkonce.d*)

.rel.ctors
 *(.rel.ctors)

.rela.ctors
 *(.rela.ctors)

.rel.dtors
 *(.rel.dtors)

.rela.dtors
 *(.rela.dtors)

.rel.got
 *(.rel.got)

.rela.got
 *(.rela.got)

.rel.bss
 *(.rel.bss)

.rela.bss
 *(.rela.bss)

.rel.plt
 *(.rel.plt)

.rela.plt
 *(.rela.plt)

.text           0x00000000      0x60e
 *(.vectors)
 .vectors       0x00000000       0x54 c:/program files (x86)/atmel/atmel toolchain/avr8 gcc/native/3.4.1061/avr8-gnu-toolchain/bin/../lib/gcc/avr/4.8.1/../../../../avr/lib/avr5/crtm32.o
                0x00000000                __vector_default
                0x00000000                __vectors
 *(.vectors)
 *(.progmem.gcc*)
 .progmem.gcc_sw_table.DIO_set_pin_dir
                0x00000054       0x48 DIO.o
 .progmem.gcc_sw_table.DIO_write_pin
                0x0000009c       0x48 DIO.o
 .progmem.gcc_sw_table.DIO_write_high_nibble
                0x000000e4       0x48 DIO.o
                0x0000012c                . = ALIGN (0x2)
                0x0000012c                __trampolines_start = .
 *(.trampolines)
 .trampolines   0x0000012c        0x0 linker stubs
 *(.trampolines*)
                0x0000012c                __trampolines_end = .
 *(.progmem*)
                0x0000012c                . = ALIGN (0x2)
 *(.jumptables)
 *(.jumptables*)
 *(.lowtext)
 *(.lowtext*)
                0x0000012c                __ctors_start = .
 *(.ctors)
                0x0000012c                __ctors_end = .
                0x0000012c                __dtors_start = .
 *(.dtors)
                0x0000012c                __dtors_end = .
 SORT(*)(.ctors)
 SORT(*)(.dtors)
 *(.init0)
 .init0         0x0000012c        0x0 c:/program files (x86)/atmel/atmel toolchain/avr8 gcc/native/3.4.1061/avr8-gnu-toolchain/bin/../lib/gcc/avr/4.8.1/../../../../avr/lib/avr5/crtm32.o
                0x0000012c                __init
 *(.init0)
 *(.init1)
 *(.init1)
 *(.init2)
 .init2         0x0000012c        0xc c:/program files (x86)/atmel/atmel toolchain/avr8 gcc/native/3.4.1061/avr8-gnu-toolchain/bin/../lib/gcc/avr/4.8.1/../../../../avr/lib/avr5/crtm32.o
 *(.init2)
 *(.init3)
 *(.init3)
 *(.init4)
 *(.init4)
 *(.init5)
 *(.init5)
 *(.init6)
 *(.init6)
 *(.init7)
 *(.init7)
 *(.init8)
 *(.init8)
 *(.init9)
 .init9         0x00000138        0x8 c:/program files (x86)/atmel/atmel toolchain/avr8 gcc/native/3.4.1061/avr8-gnu-toolchain/bin/../lib/gcc/avr/4.8.1/../../../../avr/lib/avr5/crtm32.o
 *(.init9)
 *(.text)
 .text          0x00000140        0x4 c:/program files (x86)/atmel/atmel toolchain/avr8 gcc/native/3.4.1061/avr8-gnu-toolchain/bin/../lib/gcc/avr/4.8.1/../../../../avr/lib/avr5/crtm32.o
                0x00000140                __vector_1
                0x00000140                __vector_12
                0x00000140                __bad_interrupt
                0x00000140                __vector_6
                0x00000140                __vector_3
                0x00000140                __vector_11
                0x00000140                __vector_13
                0x00000140                __vector_17
                0x00000140                __vector_19
                0x00000140                __vector_7
                0x00000140                __vector_5
                0x00000140                __vector_4
                0x00000140                __vector_9
                0x00000140                __vector_2
                0x00000140                __vector_15
                0x00000140                __vector_8
                0x00000140                __vector_14
                0x00000140                __vector_10
                0x00000140                __vector_16
                0x00000140                __vector_18
                0x00000140                __vector_20
                0x00000144                . = ALIGN (0x2)
 *(.text.*)
 .text.DIO_set_pin_dir
                0x00000144      0x100 DIO.o
                0x00000144                DIO_set_pin_dir
 .text.DIO_write_pin
                0x00000244      0x100 DIO.o
                0x00000244                DIO_write_pin
 .text.DIO_write_high_nibble
                0x00000344       0x52 DIO.o
                0x00000344                DIO_write_high_nibble
 .text.main     0x00000396       0xb6 LCD Test.o
                0x00000396                main
 .text.LCD_send_falling_edge
                0x0000044c       0x2e LCD.o
 .text.LCD_send_cmd
                0x0000047a       0x44 LCD.o
                0x0000047a                LCD_send_cmd
 .text.LCD_init
                0x000004be       0xbe LCD.o
                0x000004be                LCD_init
 .text.LCD_send_char
                0x0000057c       0x44 LCD.o
                0x0000057c                LCD_send_char
 .text.LCD_move_cursor
                0x000005c0       0x3e LCD.o
                0x000005c0                LCD_move_cursor
 .text.libgcc   0x000005fe        0xc c:/program files (x86)/atmel/atmel toolchain/avr8 gcc/native/3.4.1061/avr8-gnu-toolchain/bin/../lib/gcc/avr/4.8.1/avr5\libgcc.a(_tablejump.o)
                0x000005fe                __tablejump2__
                0x00000602                __tablejump__
                0x0000060a                . = ALIGN (0x2)
 *(.fini9)
 .fini9         0x0000060a        0x0 c:/program files (x86)/atmel/atmel toolchain/avr8 gcc/native/3.4.1061/avr8-gnu-toolchain/bin/../lib/gcc/avr/4.8.1/avr5\libgcc.a(_exit.o)
                0x0000060a                _exit
                0x0000060a                exit
 *(.fini9)
 *(.fini8)
 *(.fini8)
 *(.fini7)
 *(.fini7)
 *(.fini6)
 *(.fini6)
 *(.fini5)
 *(.fini5)
 *(.fini4)
 *(.fini4)
 *(.fini3)
 *(.fini3)
 *(.fini2)
 *(.fini2)
 *(.fini1)
 *(.fini1)
 *(.fini0)
 .fini0         0x0000060a        0x4 c:/program files (x86)/atmel/atmel toolchain/avr8 gcc/native/3.4.1061/avr8-gnu-toolchain/bin/../lib/gcc/avr/4.8.1/avr5\libgcc.a(_exit.o)
 *(.fini0)
                0x0000060e                _etext = .

.data           0x00800060        0x0 load address 0x0000060e
                0x00800060                PROVIDE (__data_start, .)
 *(.data)
 *(.data*)
 *(.rodata)
 *(.rodata*)
 *(.gnu.linkonce.d*)
                0x00800060                . = ALIGN (0x2)
                0x00800060                _edata = .
                0x00800060                PROVIDE (__data_end, .)

.bss            0x00800060        0x0
                0x00800060                PROVIDE (__bss_start, .)
 *(.bss)
 *(.bss*)
 *(COMMON)
                0x00800060                PROVIDE (__bss_end, .)
                0x0000060e                __data_load_start = LOADADDR (.data)
                0x0000060e                __data_load_end = (__data_load_start + SIZEOF (.data))

.noinit         0x00800060        0x0
                0x00800060                PROVIDE (__noinit_start, .)
 *(.noinit*)
                0x00800060                PROVIDE (__noinit_end, .)
                0x00800060                _end = .
                0x00800060                PROVIDE (__heap_start, .)

.eeprom         0x00810000        0x0
 *(.eeprom*)
                0x00810000                __eeprom_end = .

.fuse
 *(.fuse)
 *(.lfuse)
 *(.hfuse)
 *(.efuse)

.lock
 *(.lock*)

.signature
 *(.signature*)

.user_signatures
 *(.user_signatures*)

.stab
 *(.stab)

.stabstr
 *(.stabstr)

.stab.excl
 *(.stab.excl)

.stab.exclstr
 *(.stab.exclstr)

.stab.index
 *(.stab.index)

.stab.indexstr
 *(.stab.indexstr)

.comment        0x00000000       0x30
 *(.comment)
 .comment       0x00000000       0x30 DIO.o
                                 0x31 (size before relaxing)
 .comment       0x00000000       0x31 LCD Test.o
 .comment       0x00000000       0x31 LCD.o

.note.gnu.build-id
 *(.note.gnu.build-id)

.debug
 *(.debug)

.line
 *(.line)

.debug_srcinfo
 *(.debug_srcinfo)

.debug_sfnames
 *(.debug_sfnames)

.debug_aranges  0x00000000       0xe8
 *(.debug_aranges)
 .debug_aranges
                0x00000000       0x70 DIO.o
 .debug_aranges
                0x00000070       0x20 LCD Test.o
 .debug_aranges
                0x00000090       0x58 LCD.o

.debug_pubnames
 *(.debug_pubnames)

.debug_info     0x00000000     0x1ee0
 *(.debug_info .gnu.linkonce.wi.*)
 .debug_info    0x00000000      0x334 DIO.o
 .debug_info    0x00000334      0x34a LCD Test.o
 .debug_info    0x0000067e     0x1862 LCD.o

.debug_abbrev   0x00000000      0x3f4
 *(.debug_abbrev)
 .debug_abbrev  0x00000000      0x119 DIO.o
 .debug_abbrev  0x00000119      0x136 LCD Test.o
 .debug_abbrev  0x0000024f      0x1a5 LCD.o

.debug_line     0x00000000      0x668
 *(.debug_line .debug_line.* .debug_line_end)
 .debug_line    0x00000000      0x1d6 DIO.o
 .debug_line    0x000001d6      0x17e LCD Test.o
 .debug_line    0x00000354      0x314 LCD.o

.debug_frame    0x00000000      0x198
 *(.debug_frame)
 .debug_frame   0x00000000       0xc4 DIO.o
 .debug_frame   0x000000c4       0x24 LCD Test.o
 .debug_frame   0x000000e8       0xb0 LCD.o

.debug_str      0x00000000      0x2fe
 *(.debug_str)
 .debug_str     0x00000000      0x1cb DIO.o
                                0x212 (size before relaxing)
 .debug_str     0x000001cb       0xc5 LCD Test.o
                                0x1bf (size before relaxing)
 .debug_str     0x00000290       0x6e LCD.o
                                0x24c (size before relaxing)

.debug_loc      0x00000000      0xe20
 *(.debug_loc)
 .debug_loc     0x00000000      0xc77 DIO.o
 .debug_loc     0x00000c77      0x1a9 LCD.o

.debug_macinfo
 *(.debug_macinfo)

.debug_weaknames
 *(.debug_weaknames)

.debug_funcnames
 *(.debug_funcnames)

.debug_typenames
 *(.debug_typenames)

.debug_varnames
 *(.debug_varnames)

.debug_pubtypes
 *(.debug_pubtypes)

.debug_ranges   0x00000000       0xb8
 *(.debug_ranges)
 .debug_ranges  0x00000000       0x60 DIO.o
 .debug_ranges  0x00000060       0x10 LCD Test.o
 .debug_ranges  0x00000070       0x48 LCD.o

.debug_macro
 *(.debug_macro)
OUTPUT(LCD Test.elf elf32-avr)
LOAD linker stubs
