Archive member included because of file (symbol)

c:/program files (x86)/atmel/atmel toolchain/avr8 gcc/native/3.4.1061/avr8-gnu-toolchain/bin/../lib/gcc/avr/4.8.1/avr5\libgcc.a(_exit.o)
                              c:/program files (x86)/atmel/atmel toolchain/avr8 gcc/native/3.4.1061/avr8-gnu-toolchain/bin/../lib/gcc/avr/4.8.1/../../../../avr/lib/avr5/crtm32.o (exit)
c:/program files (x86)/atmel/atmel toolchain/avr8 gcc/native/3.4.1061/avr8-gnu-toolchain/bin/../lib/gcc/avr/4.8.1/avr5\libgcc.a(_tablejump.o)
                              DIO.o (__tablejump2__)

Discarded input sections

 .data          0x00000000        0x0 c:/program files (x86)/atmel/atmel toolchain/avr8 gcc/native/3.4.1061/avr8-gnu-toolchain/bin/../lib/gcc/avr/4.8.1/../../../../avr/lib/avr5/crtm32.o
 .bss           0x00000000        0x0 c:/program files (x86)/atmel/atmel toolchain/avr8 gcc/native/3.4.1061/avr8-gnu-toolchain/bin/../lib/gcc/avr/4.8.1/../../../../avr/lib/avr5/crtm32.o
 .text          0x00000000        0x0 DIO.o
 .data          0x00000000        0x0 DIO.o
 .bss           0x00000000        0x0 DIO.o
 .text.DIO_set_port_dir
                0x00000000       0x26 DIO.o
 .progmem.gcc_sw_table.DIO_set_port_dir
                0x00000000       0x48 DIO.o
 .text.DIO_write_pin
                0x00000000      0x100 DIO.o
 .progmem.gcc_sw_table.DIO_write_pin
                0x00000000       0x48 DIO.o
 .text.DIO_write_port
                0x00000000       0x26 DIO.o
 .progmem.gcc_sw_table.DIO_write_port
                0x00000000       0x48 DIO.o
 .text.DIO_read_pin
                0x00000000       0xbe DIO.o
 .progmem.gcc_sw_table.DIO_read_pin
                0x00000000       0x48 DIO.o
 .text.DIO_read_port
                0x00000000       0x2a DIO.o
 .progmem.gcc_sw_table.DIO_read_port
                0x00000000       0x48 DIO.o
 .text.DIO_connect_pullup
                0x00000000       0x90 DIO.o
 .progmem.gcc_sw_table.DIO_connect_pullup
                0x00000000       0x48 DIO.o
 .text.DIO_write_low_nibble
                0x00000000       0x50 DIO.o
 .progmem.gcc_sw_table.DIO_write_low_nibble
                0x00000000       0x48 DIO.o
 .text.DIO_write_high_nibble
                0x00000000       0x52 DIO.o
 .progmem.gcc_sw_table.DIO_write_high_nibble
                0x00000000       0x48 DIO.o
 .text.DIO_write_nibble
                0x00000000       0xac DIO.o
 .progmem.gcc_sw_table.DIO_write_nibble
                0x00000000       0x90 DIO.o
 .text          0x00000000        0x0 led.o
 .data          0x00000000        0x0 led.o
 .bss           0x00000000        0x0 led.o
 .text.LED_on   0x00000000        0x8 led.o
 .text.LED_off  0x00000000        0x8 led.o
 .text          0x00000000        0x0 led_test.o
 .data          0x00000000        0x0 led_test.o
 .bss           0x00000000        0x0 led_test.o
 .text          0x00000000        0x0 c:/program files (x86)/atmel/atmel toolchain/avr8 gcc/native/3.4.1061/avr8-gnu-toolchain/bin/../lib/gcc/avr/4.8.1/avr5\libgcc.a(_exit.o)
 .data          0x00000000        0x0 c:/program files (x86)/atmel/atmel toolchain/avr8 gcc/native/3.4.1061/avr8-gnu-toolchain/bin/../lib/gcc/avr/4.8.1/avr5\libgcc.a(_exit.o)
 .bss           0x00000000        0x0 c:/program files (x86)/atmel/atmel toolchain/avr8 gcc/native/3.4.1061/avr8-gnu-toolchain/bin/../lib/gcc/avr/4.8.1/avr5\libgcc.a(_exit.o)
 .text.libgcc.mul
                0x00000000        0x0 c:/program files (x86)/atmel/atmel toolchain/avr8 gcc/native/3.4.1061/avr8-gnu-toolchain/bin/../lib/gcc/avr/4.8.1/avr5\libgcc.a(_exit.o)
 .text.libgcc.div
                0x00000000        0x0 c:/program files (x86)/atmel/atmel toolchain/avr8 gcc/native/3.4.1061/avr8-gnu-toolchain/bin/../lib/gcc/avr/4.8.1/avr5\libgcc.a(_exit.o)
 .text.libgcc   0x00000000        0x0 c:/program files (x86)/atmel/atmel toolchain/avr8 gcc/native/3.4.1061/avr8-gnu-toolchain/bin/../lib/gcc/avr/4.8.1/avr5\libgcc.a(_exit.o)
 .text.libgcc.prologue
                0x00000000        0x0 c:/program files (x86)/atmel/atmel toolchain/avr8 gcc/native/3.4.1061/avr8-gnu-toolchain/bin/../lib/gcc/avr/4.8.1/avr5\libgcc.a(_exit.o)
 .text.libgcc.builtins
                0x00000000        0x0 c:/program files (x86)/atmel/atmel toolchain/avr8 gcc/native/3.4.1061/avr8-gnu-toolchain/bin/../lib/gcc/avr/4.8.1/avr5\libgcc.a(_exit.o)
 .text.libgcc.fmul
                0x00000000        0x0 c:/program files (x86)/atmel/atmel toolchain/avr8 gcc/native/3.4.1061/avr8-gnu-toolchain/bin/../lib/gcc/avr/4.8.1/avr5\libgcc.a(_exit.o)
 .text.libgcc.fixed
                0x00000000        0x0 c:/program files (x86)/atmel/atmel toolchain/avr8 gcc/native/3.4.1061/avr8-gnu-toolchain/bin/../lib/gcc/avr/4.8.1/avr5\libgcc.a(_exit.o)
 .text          0x00000000        0x0 c:/program files (x86)/atmel/atmel toolchain/avr8 gcc/native/3.4.1061/avr8-gnu-toolchain/bin/../lib/gcc/avr/4.8.1/avr5\libgcc.a(_tablejump.o)
 .data          0x00000000        0x0 c:/program files (x86)/atmel/atmel toolchain/avr8 gcc/native/3.4.1061/avr8-gnu-toolchain/bin/../lib/gcc/avr/4.8.1/avr5\libgcc.a(_tablejump.o)
 .bss           0x00000000        0x0 c:/program files (x86)/atmel/atmel toolchain/avr8 gcc/native/3.4.1061/avr8-gnu-toolchain/bin/../lib/gcc/avr/4.8.1/avr5\libgcc.a(_tablejump.o)
 .text.libgcc.mul
                0x00000000        0x0 c:/program files (x86)/atmel/atmel toolchain/avr8 gcc/native/3.4.1061/avr8-gnu-toolchain/bin/../lib/gcc/avr/4.8.1/avr5\libgcc.a(_tablejump.o)
 .text.libgcc.div
                0x00000000        0x0 c:/program files (x86)/atmel/atmel toolchain/avr8 gcc/native/3.4.1061/avr8-gnu-toolchain/bin/../lib/gcc/avr/4.8.1/avr5\libgcc.a(_tablejump.o)
 .text.libgcc.prologue
                0x00000000        0x0 c:/program files (x86)/atmel/atmel toolchain/avr8 gcc/native/3.4.1061/avr8-gnu-toolchain/bin/../lib/gcc/avr/4.8.1/avr5\libgcc.a(_tablejump.o)
 .text.libgcc.builtins
                0x00000000        0x0 c:/program files (x86)/atmel/atmel toolchain/avr8 gcc/native/3.4.1061/avr8-gnu-toolchain/bin/../lib/gcc/avr/4.8.1/avr5\libgcc.a(_tablejump.o)
 .text.libgcc.fmul
                0x00000000        0x0 c:/program files (x86)/atmel/atmel toolchain/avr8 gcc/native/3.4.1061/avr8-gnu-toolchain/bin/../lib/gcc/avr/4.8.1/avr5\libgcc.a(_tablejump.o)
 .text.libgcc.fixed
                0x00000000        0x0 c:/program files (x86)/atmel/atmel toolchain/avr8 gcc/native/3.4.1061/avr8-gnu-toolchain/bin/../lib/gcc/avr/4.8.1/avr5\libgcc.a(_tablejump.o)

Memory Configuration

Name             Origin             Length             Attributes
text             0x00000000         0x00020000         xr
data             0x00800060         0x0000ffa0         rw !x
eeprom           0x00810000         0x00010000         rw !x
fuse             0x00820000         0x00000400         rw !x
lock             0x00830000         0x00000400         rw !x
signature        0x00840000         0x00000400         rw !x
user_signatures  0x00850000         0x00000400         rw !x
*default*        0x00000000         0xffffffff

Linker script and memory map

LOAD c:/program files (x86)/atmel/atmel toolchain/avr8 gcc/native/3.4.1061/avr8-gnu-toolchain/bin/../lib/gcc/avr/4.8.1/../../../../avr/lib/avr5/crtm32.o
LOAD DIO.o
LOAD led.o
LOAD led_test.o
START GROUP
LOAD c:/program files (x86)/atmel/atmel toolchain/avr8 gcc/native/3.4.1061/avr8-gnu-toolchain/bin/../lib/gcc/avr/4.8.1/../../../../avr/lib/avr5\libm.a
END GROUP
START GROUP
LOAD c:/program files (x86)/atmel/atmel toolchain/avr8 gcc/native/3.4.1061/avr8-gnu-toolchain/bin/../lib/gcc/avr/4.8.1/avr5\libgcc.a
LOAD c:/program files (x86)/atmel/atmel toolchain/avr8 gcc/native/3.4.1061/avr8-gnu-toolchain/bin/../lib/gcc/avr/4.8.1/../../../../avr/lib/avr5\libm.a
LOAD c:/program files (x86)/atmel/atmel toolchain/avr8 gcc/native/3.4.1061/avr8-gnu-toolchain/bin/../lib/gcc/avr/4.8.1/../../../../avr/lib/avr5\libc.a
END GROUP

.hash
 *(.hash)

.dynsym
 *(.dynsym)

.dynstr
 *(.dynstr)

.gnu.version
 *(.gnu.version)

.gnu.version_d
 *(.gnu.version_d)

.gnu.version_r
 *(.gnu.version_r)

.rel.init
 *(.rel.init)

.rela.init
 *(.rela.init)

.rel.text
 *(.rel.text)
 *(.rel.text.*)
 *(.rel.gnu.linkonce.t*)

.rela.text
 *(.rela.text)
 *(.rela.text.*)
 *(.rela.gnu.linkonce.t*)

.rel.fini
 *(.rel.fini)

.rela.fini
 *(.rela.fini)

.rel.rodata
 *(.rel.rodata)
 *(.rel.rodata.*)
 *(.rel.gnu.linkonce.r*)

.rela.rodata
 *(.rela.rodata)
 *(.rela.rodata.*)
 *(.rela.gnu.linkonce.r*)

.rel.data
 *(.rel.data)
 *(.rel.data.*)
 *(.rel.gnu.linkonce.d*)

.rela.data
 *(.rela.data)
 *(.rela.data.*)
 *(.rela.gnu.linkonce.d*)

.rel.ctors
 *(.rel.ctors)

.rela.ctors
 *(.rela.ctors)

.rel.dtors
 *(.rel.dtors)

.rela.dtors
 *(.rela.dtors)

.rel.got
 *(.rel.got)

.rela.got
 *(.rela.got)

.rel.bss
 *(.rel.bss)

.rela.bss
 *(.rela.bss)

.rel.plt
 *(.rel.plt)

.rela.plt
 *(.rela.plt)

.text           0x00000000      0x2c4
 *(.vectors)
 .vectors       0x00000000       0x54 c:/program files (x86)/atmel/atmel toolchain/avr8 gcc/native/3.4.1061/avr8-gnu-toolchain/bin/../lib/gcc/avr/4.8.1/../../../../avr/lib/avr5/crtm32.o
                0x00000000                __vector_default
                0x00000000                __vectors
 *(.vectors)
 *(.progmem.gcc*)
 .progmem.gcc_sw_table.DIO_set_pin_dir
                0x00000054       0x48 DIO.o
 .progmem.gcc_sw_table.DIO_toogle
                0x0000009c       0x48 DIO.o
                0x000000e4                . = ALIGN (0x2)
                0x000000e4                __trampolines_start = .
 *(.trampolines)
 .trampolines   0x000000e4        0x0 linker stubs
 *(.trampolines*)
                0x000000e4                __trampolines_end = .
 *(.progmem*)
                0x000000e4                . = ALIGN (0x2)
 *(.jumptables)
 *(.jumptables*)
 *(.lowtext)
 *(.lowtext*)
                0x000000e4                __ctors_start = .
 *(.ctors)
                0x000000e4                __ctors_end = .
                0x000000e4                __dtors_start = .
 *(.dtors)
                0x000000e4                __dtors_end = .
 SORT(*)(.ctors)
 SORT(*)(.dtors)
 *(.init0)
 .init0         0x000000e4        0x0 c:/program files (x86)/atmel/atmel toolchain/avr8 gcc/native/3.4.1061/avr8-gnu-toolchain/bin/../lib/gcc/avr/4.8.1/../../../../avr/lib/avr5/crtm32.o
                0x000000e4                __init
 *(.init0)
 *(.init1)
 *(.init1)
 *(.init2)
 .init2         0x000000e4        0xc c:/program files (x86)/atmel/atmel toolchain/avr8 gcc/native/3.4.1061/avr8-gnu-toolchain/bin/../lib/gcc/avr/4.8.1/../../../../avr/lib/avr5/crtm32.o
 *(.init2)
 *(.init3)
 *(.init3)
 *(.init4)
 *(.init4)
 *(.init5)
 *(.init5)
 *(.init6)
 *(.init6)
 *(.init7)
 *(.init7)
 *(.init8)
 *(.init8)
 *(.init9)
 .init9         0x000000f0        0x8 c:/program files (x86)/atmel/atmel toolchain/avr8 gcc/native/3.4.1061/avr8-gnu-toolchain/bin/../lib/gcc/avr/4.8.1/../../../../avr/lib/avr5/crtm32.o
 *(.init9)
 *(.text)
 .text          0x000000f8        0x4 c:/program files (x86)/atmel/atmel toolchain/avr8 gcc/native/3.4.1061/avr8-gnu-toolchain/bin/../lib/gcc/avr/4.8.1/../../../../avr/lib/avr5/crtm32.o
                0x000000f8                __vector_1
                0x000000f8                __vector_12
                0x000000f8                __bad_interrupt
                0x000000f8                __vector_6
                0x000000f8                __vector_3
                0x000000f8                __vector_11
                0x000000f8                __vector_13
                0x000000f8                __vector_17
                0x000000f8                __vector_19
                0x000000f8                __vector_7
                0x000000f8                __vector_5
                0x000000f8                __vector_4
                0x000000f8                __vector_9
                0x000000f8                __vector_2
                0x000000f8                __vector_15
                0x000000f8                __vector_8
                0x000000f8                __vector_14
                0x000000f8                __vector_10
                0x000000f8                __vector_16
                0x000000f8                __vector_18
                0x000000f8                __vector_20
                0x000000fc                . = ALIGN (0x2)
 *(.text.*)
 .text.DIO_set_pin_dir
                0x000000fc      0x100 DIO.o
                0x000000fc                DIO_set_pin_dir
 .text.DIO_toogle
                0x000001fc       0x7e DIO.o
                0x000001fc                DIO_toogle
 .text.LED_init
                0x0000027a        0x8 led.o
                0x0000027a                LED_init
 .text.LED_toggle
                0x00000282        0x6 led.o
                0x00000282                LED_toggle
 .text.main     0x00000288       0x2c led_test.o
                0x00000288                main
 .text.libgcc   0x000002b4        0xc c:/program files (x86)/atmel/atmel toolchain/avr8 gcc/native/3.4.1061/avr8-gnu-toolchain/bin/../lib/gcc/avr/4.8.1/avr5\libgcc.a(_tablejump.o)
                0x000002b4                __tablejump2__
                0x000002b8                __tablejump__
                0x000002c0                . = ALIGN (0x2)
 *(.fini9)
 .fini9         0x000002c0        0x0 c:/program files (x86)/atmel/atmel toolchain/avr8 gcc/native/3.4.1061/avr8-gnu-toolchain/bin/../lib/gcc/avr/4.8.1/avr5\libgcc.a(_exit.o)
                0x000002c0                _exit
                0x000002c0                exit
 *(.fini9)
 *(.fini8)
 *(.fini8)
 *(.fini7)
 *(.fini7)
 *(.fini6)
 *(.fini6)
 *(.fini5)
 *(.fini5)
 *(.fini4)
 *(.fini4)
 *(.fini3)
 *(.fini3)
 *(.fini2)
 *(.fini2)
 *(.fini1)
 *(.fini1)
 *(.fini0)
 .fini0         0x000002c0        0x4 c:/program files (x86)/atmel/atmel toolchain/avr8 gcc/native/3.4.1061/avr8-gnu-toolchain/bin/../lib/gcc/avr/4.8.1/avr5\libgcc.a(_exit.o)
 *(.fini0)
                0x000002c4                _etext = .

.data           0x00800060        0x0 load address 0x000002c4
                0x00800060                PROVIDE (__data_start, .)
 *(.data)
 *(.data*)
 *(.rodata)
 *(.rodata*)
 *(.gnu.linkonce.d*)
                0x00800060                . = ALIGN (0x2)
                0x00800060                _edata = .
                0x00800060                PROVIDE (__data_end, .)

.bss            0x00800060        0x0
                0x00800060                PROVIDE (__bss_start, .)
 *(.bss)
 *(.bss*)
 *(COMMON)
                0x00800060                PROVIDE (__bss_end, .)
                0x000002c4                __data_load_start = LOADADDR (.data)
                0x000002c4                __data_load_end = (__data_load_start + SIZEOF (.data))

.noinit         0x00800060        0x0
                0x00800060                PROVIDE (__noinit_start, .)
 *(.noinit*)
                0x00800060                PROVIDE (__noinit_end, .)
                0x00800060                _end = .
                0x00800060                PROVIDE (__heap_start, .)

.eeprom         0x00810000        0x0
 *(.eeprom*)
                0x00810000                __eeprom_end = .

.fuse
 *(.fuse)
 *(.lfuse)
 *(.hfuse)
 *(.efuse)

.lock
 *(.lock*)

.signature
 *(.signature*)

.user_signatures
 *(.user_signatures*)

.stab
 *(.stab)

.stabstr
 *(.stabstr)

.stab.excl
 *(.stab.excl)

.stab.exclstr
 *(.stab.exclstr)

.stab.index
 *(.stab.index)

.stab.indexstr
 *(.stab.indexstr)

.comment        0x00000000       0x30
 *(.comment)
 .comment       0x00000000       0x30 DIO.o
                                 0x31 (size before relaxing)
 .comment       0x00000000       0x31 led.o
 .comment       0x00000000       0x31 led_test.o

.note.gnu.build-id
 *(.note.gnu.build-id)

.debug
 *(.debug)

.line
 *(.line)

.debug_srcinfo
 *(.debug_srcinfo)

.debug_sfnames
 *(.debug_sfnames)

.debug_aranges  0x00000000       0xc8
 *(.debug_aranges)
 .debug_aranges
                0x00000000       0x70 DIO.o
 .debug_aranges
                0x00000070       0x38 led.o
 .debug_aranges
                0x000000a8       0x20 led_test.o

.debug_pubnames
 *(.debug_pubnames)

.debug_info     0x00000000      0x6a4
 *(.debug_info .gnu.linkonce.wi.*)
 .debug_info    0x00000000      0x334 DIO.o
 .debug_info    0x00000334      0x1d5 led.o
 .debug_info    0x00000509      0x19b led_test.o

.debug_abbrev   0x00000000      0x2c5
 *(.debug_abbrev)
 .debug_abbrev  0x00000000      0x119 DIO.o
 .debug_abbrev  0x00000119       0x9b led.o
 .debug_abbrev  0x000001b4      0x111 led_test.o

.debug_line     0x00000000      0x379
 *(.debug_line .debug_line.* .debug_line_end)
 .debug_line    0x00000000      0x1d6 DIO.o
 .debug_line    0x000001d6       0x71 led.o
 .debug_line    0x00000247      0x132 led_test.o

.debug_frame    0x00000000      0x13c
 *(.debug_frame)
 .debug_frame   0x00000000       0xc4 DIO.o
 .debug_frame   0x000000c4       0x54 led.o
 .debug_frame   0x00000118       0x24 led_test.o

.debug_str      0x00000000      0x28e
 *(.debug_str)
 .debug_str     0x00000000      0x1d0 DIO.o
                                0x217 (size before relaxing)
 .debug_str     0x000001d0       0x2e led.o
                                0x131 (size before relaxing)
 .debug_str     0x000001fe       0x90 led_test.o
                                0x19e (size before relaxing)

.debug_loc      0x00000000      0xd7f
 *(.debug_loc)
 .debug_loc     0x00000000      0xc77 DIO.o
 .debug_loc     0x00000c77      0x108 led.o

.debug_macinfo
 *(.debug_macinfo)

.debug_weaknames
 *(.debug_weaknames)

.debug_funcnames
 *(.debug_funcnames)

.debug_typenames
 *(.debug_typenames)

.debug_varnames
 *(.debug_varnames)

.debug_pubtypes
 *(.debug_pubtypes)

.debug_ranges   0x00000000       0x98
 *(.debug_ranges)
 .debug_ranges  0x00000000       0x60 DIO.o
 .debug_ranges  0x00000060       0x28 led.o
 .debug_ranges  0x00000088       0x10 led_test.o

.debug_macro
 *(.debug_macro)
OUTPUT(led.elf elf32-avr)
LOAD linker stubs
